[2023-11-29T11:19:11.974+0530][gc] Using G1
[2023-11-29T11:19:11.979+0530][gc,init] Version: 17+35-LTS-2724 (release)
[2023-11-29T11:19:11.979+0530][gc,init] CPUs: 8 total, 8 available
[2023-11-29T11:19:11.979+0530][gc,init] Memory: 8192M
[2023-11-29T11:19:11.979+0530][gc,init] Large Page Support: Disabled
[2023-11-29T11:19:11.979+0530][gc,init] NUMA Support: Disabled
[2023-11-29T11:19:11.979+0530][gc,init] Compressed Oops: Enabled (Zero based)
[2023-11-29T11:19:11.979+0530][gc,init] Heap Region Size: 1M
[2023-11-29T11:19:11.979+0530][gc,init] Heap Min Capacity: 1G
[2023-11-29T11:19:11.979+0530][gc,init] Heap Initial Capacity: 1G
[2023-11-29T11:19:11.979+0530][gc,init] Heap Max Capacity: 1G
[2023-11-29T11:19:11.979+0530][gc,init] Pre-touch: Disabled
[2023-11-29T11:19:11.979+0530][gc,init] Parallel Workers: 8
[2023-11-29T11:19:11.979+0530][gc,init] Concurrent Workers: 2
[2023-11-29T11:19:11.979+0530][gc,init] Concurrent Refinement Workers: 8
[2023-11-29T11:19:11.979+0530][gc,init] Periodic GC: Disabled
[2023-11-29T11:19:11.979+0530][gc,metaspace] CDS archive(s) mapped at: [0x0000000800000000-0x0000000800bd0000-0x0000000800bd0000), size 12386304, SharedBaseAddress: 0x0000000800000000, ArchiveRelocationMode: 0.
[2023-11-29T11:19:11.979+0530][gc,metaspace] Compressed class space mapped at: 0x0000000800c00000-0x0000000840c00000, reserved size: 1073741824
[2023-11-29T11:19:11.979+0530][gc,metaspace] Narrow klass base: 0x0000000800000000, Narrow klass shift: 0, Narrow klass range: 0x100000000
[2023-11-29T11:19:13.330+0530][gc,start    ] GC(0) Pause Young (Normal) (G1 Evacuation Pause)
[2023-11-29T11:19:13.330+0530][gc,task     ] GC(0) Using 8 workers of 8 for evacuation
[2023-11-29T11:19:13.340+0530][gc,phases   ] GC(0)   Pre Evacuate Collection Set: 0.2ms
[2023-11-29T11:19:13.340+0530][gc,phases   ] GC(0)   Merge Heap Roots: 0.0ms
[2023-11-29T11:19:13.340+0530][gc,phases   ] GC(0)   Evacuate Collection Set: 8.9ms
[2023-11-29T11:19:13.340+0530][gc,phases   ] GC(0)   Post Evacuate Collection Set: 0.4ms
[2023-11-29T11:19:13.340+0530][gc,phases   ] GC(0)   Other: 0.5ms
[2023-11-29T11:19:13.340+0530][gc,heap     ] GC(0) Eden regions: 51->0(44)
[2023-11-29T11:19:13.340+0530][gc,heap     ] GC(0) Survivor regions: 0->7(7)
[2023-11-29T11:19:13.340+0530][gc,heap     ] GC(0) Old regions: 0->1
[2023-11-29T11:19:13.340+0530][gc,heap     ] GC(0) Archive regions: 2->2
[2023-11-29T11:19:13.340+0530][gc,heap     ] GC(0) Humongous regions: 0->0
[2023-11-29T11:19:13.340+0530][gc,metaspace] GC(0) Metaspace: 18061K(18240K)->18061K(18240K) NonClass: 15877K(16000K)->15877K(16000K) Class: 2184K(2240K)->2184K(2240K)
[2023-11-29T11:19:13.340+0530][gc          ] GC(0) Pause Young (Normal) (G1 Evacuation Pause) 51M->8M(1024M) 10.075ms
[2023-11-29T11:19:13.340+0530][gc,cpu      ] GC(0) User=0.02s Sys=0.01s Real=0.01s
[2023-11-29T11:19:13.713+0530][gc,start    ] GC(1) Pause Young (Concurrent Start) (Metadata GC Threshold)
[2023-11-29T11:19:13.713+0530][gc,task     ] GC(1) Using 8 workers of 8 for evacuation
[2023-11-29T11:19:13.721+0530][gc,phases   ] GC(1)   Pre Evacuate Collection Set: 0.1ms
[2023-11-29T11:19:13.721+0530][gc,phases   ] GC(1)   Merge Heap Roots: 0.0ms
[2023-11-29T11:19:13.721+0530][gc,phases   ] GC(1)   Evacuate Collection Set: 7.7ms
[2023-11-29T11:19:13.721+0530][gc,phases   ] GC(1)   Post Evacuate Collection Set: 0.3ms
[2023-11-29T11:19:13.721+0530][gc,phases   ] GC(1)   Other: 0.2ms
[2023-11-29T11:19:13.721+0530][gc,heap     ] GC(1) Eden regions: 14->0(49)
[2023-11-29T11:19:13.721+0530][gc,heap     ] GC(1) Survivor regions: 7->2(7)
[2023-11-29T11:19:13.721+0530][gc,heap     ] GC(1) Old regions: 1->8
[2023-11-29T11:19:13.721+0530][gc,heap     ] GC(1) Archive regions: 2->2
[2023-11-29T11:19:13.721+0530][gc,heap     ] GC(1) Humongous regions: 129->129
[2023-11-29T11:19:13.721+0530][gc,metaspace] GC(1) Metaspace: 21258K(21504K)->21258K(21504K) NonClass: 18658K(18752K)->18658K(18752K) Class: 2599K(2752K)->2599K(2752K)
[2023-11-29T11:19:13.721+0530][gc          ] GC(1) Pause Young (Concurrent Start) (Metadata GC Threshold) 150M->138M(1024M) 8.435ms
[2023-11-29T11:19:13.721+0530][gc,cpu      ] GC(1) User=0.02s Sys=0.01s Real=0.01s
[2023-11-29T11:19:13.721+0530][gc          ] GC(2) Concurrent Mark Cycle
[2023-11-29T11:19:13.721+0530][gc,marking  ] GC(2) Concurrent Clear Claimed Marks
[2023-11-29T11:19:13.721+0530][gc,marking  ] GC(2) Concurrent Clear Claimed Marks 0.018ms
[2023-11-29T11:19:13.721+0530][gc,marking  ] GC(2) Concurrent Scan Root Regions
[2023-11-29T11:19:13.725+0530][gc,marking  ] GC(2) Concurrent Scan Root Regions 3.649ms
[2023-11-29T11:19:13.725+0530][gc,marking  ] GC(2) Concurrent Mark
[2023-11-29T11:19:13.725+0530][gc,marking  ] GC(2) Concurrent Mark From Roots
[2023-11-29T11:19:13.725+0530][gc,task     ] GC(2) Using 2 workers of 2 for marking
[2023-11-29T11:19:13.728+0530][gc,marking  ] GC(2) Concurrent Mark From Roots 2.712ms
[2023-11-29T11:19:13.728+0530][gc,marking  ] GC(2) Concurrent Preclean
[2023-11-29T11:19:13.728+0530][gc,marking  ] GC(2) Concurrent Preclean 0.030ms
[2023-11-29T11:19:13.728+0530][gc,start    ] GC(2) Pause Remark
[2023-11-29T11:19:13.735+0530][gc          ] GC(2) Pause Remark 139M->139M(1024M) 6.497ms
[2023-11-29T11:19:13.735+0530][gc,cpu      ] GC(2) User=0.01s Sys=0.01s Real=0.01s
[2023-11-29T11:19:13.735+0530][gc,marking  ] GC(2) Concurrent Mark 9.668ms
[2023-11-29T11:19:13.735+0530][gc,marking  ] GC(2) Concurrent Rebuild Remembered Sets
[2023-11-29T11:19:13.737+0530][gc,marking  ] GC(2) Concurrent Rebuild Remembered Sets 1.702ms
[2023-11-29T11:19:13.737+0530][gc,start    ] GC(2) Pause Cleanup
[2023-11-29T11:19:13.737+0530][gc          ] GC(2) Pause Cleanup 139M->139M(1024M) 0.113ms
[2023-11-29T11:19:13.737+0530][gc,cpu      ] GC(2) User=0.00s Sys=0.00s Real=0.00s
[2023-11-29T11:19:13.737+0530][gc,marking  ] GC(2) Concurrent Cleanup for Next Mark
[2023-11-29T11:19:13.740+0530][gc,marking  ] GC(2) Concurrent Cleanup for Next Mark 2.964ms
[2023-11-29T11:19:13.740+0530][gc          ] GC(2) Concurrent Mark Cycle 18.960ms
[2023-11-29T11:19:14.533+0530][gc,start    ] GC(3) Pause Young (Normal) (G1 Evacuation Pause)
[2023-11-29T11:19:14.533+0530][gc,task     ] GC(3) Using 8 workers of 8 for evacuation
[2023-11-29T11:19:14.537+0530][gc,phases   ] GC(3)   Pre Evacuate Collection Set: 0.1ms
[2023-11-29T11:19:14.537+0530][gc,phases   ] GC(3)   Merge Heap Roots: 0.0ms
[2023-11-29T11:19:14.537+0530][gc,phases   ] GC(3)   Evacuate Collection Set: 2.9ms
[2023-11-29T11:19:14.537+0530][gc,phases   ] GC(3)   Post Evacuate Collection Set: 0.3ms
[2023-11-29T11:19:14.537+0530][gc,phases   ] GC(3)   Other: 0.1ms
[2023-11-29T11:19:14.537+0530][gc,heap     ] GC(3) Eden regions: 49->0(45)
[2023-11-29T11:19:14.537+0530][gc,heap     ] GC(3) Survivor regions: 2->6(7)
[2023-11-29T11:19:14.537+0530][gc,heap     ] GC(3) Old regions: 8->8
[2023-11-29T11:19:14.537+0530][gc,heap     ] GC(3) Archive regions: 2->2
[2023-11-29T11:19:14.537+0530][gc,heap     ] GC(3) Humongous regions: 129->129
[2023-11-29T11:19:14.537+0530][gc,metaspace] GC(3) Metaspace: 32615K(32896K)->32615K(32896K) NonClass: 28897K(29056K)->28897K(29056K) Class: 3717K(3840K)->3717K(3840K)
[2023-11-29T11:19:14.537+0530][gc          ] GC(3) Pause Young (Normal) (G1 Evacuation Pause) 187M->142M(1024M) 3.475ms
[2023-11-29T11:19:14.537+0530][gc,cpu      ] GC(3) User=0.02s Sys=0.00s Real=0.00s
[2023-11-29T11:48:37.522+0530][gc,start    ] GC(4) Pause Young (Concurrent Start) (Metadata GC Threshold)
[2023-11-29T11:48:37.522+0530][gc,task     ] GC(4) Using 8 workers of 8 for evacuation
[2023-11-29T11:48:37.534+0530][gc,phases   ] GC(4)   Pre Evacuate Collection Set: 0.6ms
[2023-11-29T11:48:37.534+0530][gc,phases   ] GC(4)   Merge Heap Roots: 0.1ms
[2023-11-29T11:48:37.534+0530][gc,phases   ] GC(4)   Evacuate Collection Set: 9.9ms
[2023-11-29T11:48:37.534+0530][gc,phases   ] GC(4)   Post Evacuate Collection Set: 0.5ms
[2023-11-29T11:48:37.534+0530][gc,phases   ] GC(4)   Other: 1.5ms
[2023-11-29T11:48:37.534+0530][gc,heap     ] GC(4) Eden regions: 26->0(49)
[2023-11-29T11:48:37.534+0530][gc,heap     ] GC(4) Survivor regions: 6->2(7)
[2023-11-29T11:48:37.534+0530][gc,heap     ] GC(4) Old regions: 8->13
[2023-11-29T11:48:37.534+0530][gc,heap     ] GC(4) Archive regions: 2->2
[2023-11-29T11:48:37.534+0530][gc,heap     ] GC(4) Humongous regions: 129->129
[2023-11-29T11:48:37.534+0530][gc,metaspace] GC(4) Metaspace: 35697K(35968K)->35697K(35968K) NonClass: 31459K(31616K)->31459K(31616K) Class: 4238K(4352K)->4238K(4352K)
[2023-11-29T11:48:37.535+0530][gc          ] GC(4) Pause Young (Concurrent Start) (Metadata GC Threshold) 168M->143M(1024M) 12.589ms
[2023-11-29T11:48:37.535+0530][gc,cpu      ] GC(4) User=0.02s Sys=0.03s Real=0.01s
[2023-11-29T11:48:37.535+0530][gc          ] GC(5) Concurrent Mark Cycle
[2023-11-29T11:48:37.535+0530][gc,marking  ] GC(5) Concurrent Clear Claimed Marks
[2023-11-29T11:48:37.535+0530][gc,marking  ] GC(5) Concurrent Clear Claimed Marks 0.038ms
[2023-11-29T11:48:37.535+0530][gc,marking  ] GC(5) Concurrent Scan Root Regions
[2023-11-29T11:48:37.538+0530][gc,marking  ] GC(5) Concurrent Scan Root Regions 3.288ms
[2023-11-29T11:48:37.538+0530][gc,marking  ] GC(5) Concurrent Mark
[2023-11-29T11:48:37.538+0530][gc,marking  ] GC(5) Concurrent Mark From Roots
[2023-11-29T11:48:37.538+0530][gc,task     ] GC(5) Using 2 workers of 2 for marking
[2023-11-29T11:48:37.544+0530][gc,marking  ] GC(5) Concurrent Mark From Roots 5.721ms
[2023-11-29T11:48:37.544+0530][gc,marking  ] GC(5) Concurrent Preclean
[2023-11-29T11:48:37.544+0530][gc,marking  ] GC(5) Concurrent Preclean 0.213ms
[2023-11-29T11:48:37.544+0530][gc,start    ] GC(5) Pause Remark
[2023-11-29T11:48:37.570+0530][gc,mmu      ] GC(5) MMU target violated: 21.0ms (20.0ms/21.0ms)
[2023-11-29T11:48:37.570+0530][gc          ] GC(5) Pause Remark 144M->144M(1024M) 25.629ms
[2023-11-29T11:48:37.570+0530][gc,cpu      ] GC(5) User=0.04s Sys=0.04s Real=0.03s
[2023-11-29T11:48:37.570+0530][gc,marking  ] GC(5) Concurrent Mark 31.824ms
[2023-11-29T11:48:37.570+0530][gc,marking  ] GC(5) Concurrent Rebuild Remembered Sets
[2023-11-29T11:48:37.576+0530][gc,marking  ] GC(5) Concurrent Rebuild Remembered Sets 6.040ms
[2023-11-29T11:48:37.576+0530][gc,start    ] GC(5) Pause Cleanup
[2023-11-29T11:48:37.576+0530][gc          ] GC(5) Pause Cleanup 144M->144M(1024M) 0.140ms
[2023-11-29T11:48:37.576+0530][gc,cpu      ] GC(5) User=0.00s Sys=0.00s Real=0.00s
[2023-11-29T11:48:37.576+0530][gc,marking  ] GC(5) Concurrent Cleanup for Next Mark
[2023-11-29T11:48:37.583+0530][gc,marking  ] GC(5) Concurrent Cleanup for Next Mark 6.479ms
[2023-11-29T11:48:37.583+0530][gc          ] GC(5) Concurrent Mark Cycle 48.481ms
[2023-11-29T12:42:47.724+0530][gc,start    ] GC(6) Pause Young (Normal) (G1 Evacuation Pause)
[2023-11-29T12:42:47.725+0530][gc,task     ] GC(6) Using 8 workers of 8 for evacuation
[2023-11-29T12:42:47.770+0530][gc,mmu      ] GC(6) MMU target violated: 21.0ms (20.0ms/21.0ms)
[2023-11-29T12:42:47.771+0530][gc,phases   ] GC(6)   Pre Evacuate Collection Set: 0.9ms
[2023-11-29T12:42:47.771+0530][gc,phases   ] GC(6)   Merge Heap Roots: 0.9ms
[2023-11-29T12:42:47.771+0530][gc,phases   ] GC(6)   Evacuate Collection Set: 40.8ms
[2023-11-29T12:42:47.771+0530][gc,phases   ] GC(6)   Post Evacuate Collection Set: 1.8ms
[2023-11-29T12:42:47.771+0530][gc,phases   ] GC(6)   Other: 5.1ms
[2023-11-29T12:42:47.771+0530][gc,heap     ] GC(6) Eden regions: 49->0(49)
[2023-11-29T12:42:47.771+0530][gc,heap     ] GC(6) Survivor regions: 2->2(7)
[2023-11-29T12:42:47.771+0530][gc,heap     ] GC(6) Old regions: 13->13
[2023-11-29T12:42:47.771+0530][gc,heap     ] GC(6) Archive regions: 2->2
[2023-11-29T12:42:47.771+0530][gc,heap     ] GC(6) Humongous regions: 129->129
[2023-11-29T12:42:47.771+0530][gc,metaspace] GC(6) Metaspace: 37504K(37952K)->37504K(37952K) NonClass: 33026K(33280K)->33026K(33280K) Class: 4478K(4672K)->4478K(4672K)
[2023-11-29T12:42:47.771+0530][gc          ] GC(6) Pause Young (Normal) (G1 Evacuation Pause) 192M->144M(1024M) 48.277ms
[2023-11-29T12:42:47.771+0530][gc,cpu      ] GC(6) User=0.03s Sys=0.06s Real=0.05s
[2023-11-29T13:47:47.585+0530][gc,start    ] GC(7) Pause Young (Normal) (G1 Evacuation Pause)
[2023-11-29T13:47:47.590+0530][gc,task     ] GC(7) Using 8 workers of 8 for evacuation
[2023-11-29T13:47:47.619+0530][gc,mmu      ] GC(7) MMU target violated: 21.0ms (20.0ms/21.0ms)
[2023-11-29T13:47:47.619+0530][gc,phases   ] GC(7)   Pre Evacuate Collection Set: 0.8ms
[2023-11-29T13:47:47.619+0530][gc,phases   ] GC(7)   Merge Heap Roots: 0.7ms
[2023-11-29T13:47:47.619+0530][gc,phases   ] GC(7)   Evacuate Collection Set: 22.5ms
[2023-11-29T13:47:47.619+0530][gc,phases   ] GC(7)   Post Evacuate Collection Set: 3.4ms
[2023-11-29T13:47:47.620+0530][gc,phases   ] GC(7)   Other: 11.0ms
[2023-11-29T13:47:47.620+0530][gc,heap     ] GC(7) Eden regions: 49->0(49)
[2023-11-29T13:47:47.620+0530][gc,heap     ] GC(7) Survivor regions: 2->2(7)
[2023-11-29T13:47:47.620+0530][gc,heap     ] GC(7) Old regions: 13->13
[2023-11-29T13:47:47.620+0530][gc,heap     ] GC(7) Archive regions: 2->2
[2023-11-29T13:47:47.620+0530][gc,heap     ] GC(7) Humongous regions: 129->129
[2023-11-29T13:47:47.620+0530][gc,metaspace] GC(7) Metaspace: 37596K(38080K)->37596K(38080K) NonClass: 33118K(33408K)->33118K(33408K) Class: 4478K(4672K)->4478K(4672K)
[2023-11-29T13:47:47.620+0530][gc          ] GC(7) Pause Young (Normal) (G1 Evacuation Pause) 193M->143M(1024M) 35.442ms
[2023-11-29T13:47:47.620+0530][gc,cpu      ] GC(7) User=0.02s Sys=0.04s Real=0.04s
[2023-11-29T15:08:49.104+0530][gc,start    ] GC(8) Pause Young (Normal) (G1 Evacuation Pause)
[2023-11-29T15:08:49.111+0530][gc,task     ] GC(8) Using 8 workers of 8 for evacuation
[2023-11-29T15:08:49.165+0530][gc,mmu      ] GC(8) MMU target violated: 21.0ms (20.0ms/21.0ms)
[2023-11-29T15:08:49.165+0530][gc,phases   ] GC(8)   Pre Evacuate Collection Set: 2.5ms
[2023-11-29T15:08:49.165+0530][gc,phases   ] GC(8)   Merge Heap Roots: 0.7ms
[2023-11-29T15:08:49.165+0530][gc,phases   ] GC(8)   Evacuate Collection Set: 46.1ms
[2023-11-29T15:08:49.165+0530][gc,phases   ] GC(8)   Post Evacuate Collection Set: 3.1ms
[2023-11-29T15:08:49.165+0530][gc,phases   ] GC(8)   Other: 11.4ms
[2023-11-29T15:08:49.165+0530][gc,heap     ] GC(8) Eden regions: 49->0(49)
[2023-11-29T15:08:49.165+0530][gc,heap     ] GC(8) Survivor regions: 2->2(7)
[2023-11-29T15:08:49.165+0530][gc,heap     ] GC(8) Old regions: 13->13
[2023-11-29T15:08:49.165+0530][gc,heap     ] GC(8) Archive regions: 2->2
[2023-11-29T15:08:49.165+0530][gc,heap     ] GC(8) Humongous regions: 129->129
[2023-11-29T15:08:49.165+0530][gc,metaspace] GC(8) Metaspace: 37789K(38272K)->37789K(38272K) NonClass: 33275K(33536K)->33275K(33536K) Class: 4513K(4736K)->4513K(4736K)
[2023-11-29T15:08:49.166+0530][gc          ] GC(8) Pause Young (Normal) (G1 Evacuation Pause) 192M->144M(1024M) 62.112ms
[2023-11-29T15:08:49.166+0530][gc,cpu      ] GC(8) User=0.03s Sys=0.06s Real=0.06s
[2023-11-29T16:13:52.927+0530][gc,start    ] GC(9) Pause Young (Normal) (G1 Evacuation Pause)
[2023-11-29T16:13:52.935+0530][gc,task     ] GC(9) Using 8 workers of 8 for evacuation
[2023-11-29T16:13:52.963+0530][gc,mmu      ] GC(9) MMU target violated: 21.0ms (20.0ms/21.0ms)
[2023-11-29T16:13:52.964+0530][gc,phases   ] GC(9)   Pre Evacuate Collection Set: 1.9ms
[2023-11-29T16:13:52.964+0530][gc,phases   ] GC(9)   Merge Heap Roots: 0.9ms
[2023-11-29T16:13:52.964+0530][gc,phases   ] GC(9)   Evacuate Collection Set: 22.4ms
[2023-11-29T16:13:52.964+0530][gc,phases   ] GC(9)   Post Evacuate Collection Set: 2.0ms
[2023-11-29T16:13:52.964+0530][gc,phases   ] GC(9)   Other: 14.1ms
[2023-11-29T16:13:52.964+0530][gc,heap     ] GC(9) Eden regions: 49->0(49)
[2023-11-29T16:13:52.964+0530][gc,heap     ] GC(9) Survivor regions: 2->2(7)
[2023-11-29T16:13:52.964+0530][gc,heap     ] GC(9) Old regions: 13->13
[2023-11-29T16:13:52.964+0530][gc,heap     ] GC(9) Archive regions: 2->2
[2023-11-29T16:13:52.964+0530][gc,heap     ] GC(9) Humongous regions: 129->129
[2023-11-29T16:13:52.964+0530][gc,metaspace] GC(9) Metaspace: 37806K(38272K)->37806K(38272K) NonClass: 33292K(33536K)->33292K(33536K) Class: 4513K(4736K)->4513K(4736K)
[2023-11-29T16:13:52.964+0530][gc          ] GC(9) Pause Young (Normal) (G1 Evacuation Pause) 193M->143M(1024M) 37.882ms
[2023-11-29T16:13:52.964+0530][gc,cpu      ] GC(9) User=0.03s Sys=0.05s Real=0.04s
[2023-11-29T16:53:08.403+0530][gc,heap,exit] Heap
[2023-11-29T16:53:08.403+0530][gc,heap,exit]  garbage-first heap   total 1048576K, used 191132K [0x00000007c0000000, 0x0000000800000000)
[2023-11-29T16:53:08.403+0530][gc,heap,exit]   region size 1024K, 45 young (46080K), 2 survivors (2048K)
[2023-11-29T16:53:08.403+0530][gc,heap,exit]  Metaspace       used 39435K, committed 39936K, reserved 1089536K
[2023-11-29T16:53:08.403+0530][gc,heap,exit]   class space    used 4826K, committed 5056K, reserved 1048576K
