[2023-11-28T20:42:28.413+0530][gc] Using G1
[2023-11-28T20:42:28.420+0530][gc,init] Version: 17+35-LTS-2724 (release)
[2023-11-28T20:42:28.420+0530][gc,init] CPUs: 8 total, 8 available
[2023-11-28T20:42:28.420+0530][gc,init] Memory: 8192M
[2023-11-28T20:42:28.420+0530][gc,init] Large Page Support: Disabled
[2023-11-28T20:42:28.420+0530][gc,init] NUMA Support: Disabled
[2023-11-28T20:42:28.420+0530][gc,init] Compressed Oops: Enabled (Zero based)
[2023-11-28T20:42:28.420+0530][gc,init] Heap Region Size: 1M
[2023-11-28T20:42:28.420+0530][gc,init] Heap Min Capacity: 1G
[2023-11-28T20:42:28.420+0530][gc,init] Heap Initial Capacity: 1G
[2023-11-28T20:42:28.420+0530][gc,init] Heap Max Capacity: 1G
[2023-11-28T20:42:28.420+0530][gc,init] Pre-touch: Disabled
[2023-11-28T20:42:28.420+0530][gc,init] Parallel Workers: 8
[2023-11-28T20:42:28.420+0530][gc,init] Concurrent Workers: 2
[2023-11-28T20:42:28.420+0530][gc,init] Concurrent Refinement Workers: 8
[2023-11-28T20:42:28.420+0530][gc,init] Periodic GC: Disabled
[2023-11-28T20:42:28.420+0530][gc,metaspace] CDS archive(s) mapped at: [0x0000000800000000-0x0000000800bd0000-0x0000000800bd0000), size 12386304, SharedBaseAddress: 0x0000000800000000, ArchiveRelocationMode: 0.
[2023-11-28T20:42:28.420+0530][gc,metaspace] Compressed class space mapped at: 0x0000000800c00000-0x0000000840c00000, reserved size: 1073741824
[2023-11-28T20:42:28.420+0530][gc,metaspace] Narrow klass base: 0x0000000800000000, Narrow klass shift: 0, Narrow klass range: 0x100000000
[2023-11-28T20:42:32.927+0530][gc,start    ] GC(0) Pause Young (Normal) (G1 Evacuation Pause)
[2023-11-28T20:42:32.927+0530][gc,task     ] GC(0) Using 8 workers of 8 for evacuation
[2023-11-28T20:42:32.941+0530][gc,phases   ] GC(0)   Pre Evacuate Collection Set: 0.1ms
[2023-11-28T20:42:32.941+0530][gc,phases   ] GC(0)   Merge Heap Roots: 0.1ms
[2023-11-28T20:42:32.941+0530][gc,phases   ] GC(0)   Evacuate Collection Set: 12.8ms
[2023-11-28T20:42:32.941+0530][gc,phases   ] GC(0)   Post Evacuate Collection Set: 0.5ms
[2023-11-28T20:42:32.941+0530][gc,phases   ] GC(0)   Other: 0.7ms
[2023-11-28T20:42:32.941+0530][gc,heap     ] GC(0) Eden regions: 51->0(44)
[2023-11-28T20:42:32.941+0530][gc,heap     ] GC(0) Survivor regions: 0->7(7)
[2023-11-28T20:42:32.941+0530][gc,heap     ] GC(0) Old regions: 0->1
[2023-11-28T20:42:32.941+0530][gc,heap     ] GC(0) Archive regions: 2->2
[2023-11-28T20:42:32.941+0530][gc,heap     ] GC(0) Humongous regions: 0->0
[2023-11-28T20:42:32.941+0530][gc,metaspace] GC(0) Metaspace: 18161K(18304K)->18161K(18304K) NonClass: 15971K(16064K)->15971K(16064K) Class: 2190K(2240K)->2190K(2240K)
[2023-11-28T20:42:32.941+0530][gc          ] GC(0) Pause Young (Normal) (G1 Evacuation Pause) 51M->7M(1024M) 14.512ms
[2023-11-28T20:42:32.942+0530][gc,cpu      ] GC(0) User=0.02s Sys=0.01s Real=0.02s
[2023-11-28T20:42:33.409+0530][gc,start    ] GC(1) Pause Young (Concurrent Start) (Metadata GC Threshold)
[2023-11-28T20:42:33.409+0530][gc,task     ] GC(1) Using 8 workers of 8 for evacuation
[2023-11-28T20:42:33.419+0530][gc,phases   ] GC(1)   Pre Evacuate Collection Set: 0.1ms
[2023-11-28T20:42:33.419+0530][gc,phases   ] GC(1)   Merge Heap Roots: 0.0ms
[2023-11-28T20:42:33.419+0530][gc,phases   ] GC(1)   Evacuate Collection Set: 9.5ms
[2023-11-28T20:42:33.419+0530][gc,phases   ] GC(1)   Post Evacuate Collection Set: 0.3ms
[2023-11-28T20:42:33.419+0530][gc,phases   ] GC(1)   Other: 0.2ms
[2023-11-28T20:42:33.419+0530][gc,heap     ] GC(1) Eden regions: 14->0(49)
[2023-11-28T20:42:33.419+0530][gc,heap     ] GC(1) Survivor regions: 7->2(7)
[2023-11-28T20:42:33.419+0530][gc,heap     ] GC(1) Old regions: 1->7
[2023-11-28T20:42:33.419+0530][gc,heap     ] GC(1) Archive regions: 2->2
[2023-11-28T20:42:33.419+0530][gc,heap     ] GC(1) Humongous regions: 129->129
[2023-11-28T20:42:33.419+0530][gc,metaspace] GC(1) Metaspace: 21287K(21504K)->21287K(21504K) NonClass: 18676K(18752K)->18676K(18752K) Class: 2610K(2752K)->2610K(2752K)
[2023-11-28T20:42:33.419+0530][gc          ] GC(1) Pause Young (Concurrent Start) (Metadata GC Threshold) 150M->138M(1024M) 10.397ms
[2023-11-28T20:42:33.419+0530][gc,cpu      ] GC(1) User=0.02s Sys=0.02s Real=0.01s
[2023-11-28T20:42:33.419+0530][gc          ] GC(2) Concurrent Mark Cycle
[2023-11-28T20:42:33.419+0530][gc,marking  ] GC(2) Concurrent Clear Claimed Marks
[2023-11-28T20:42:33.419+0530][gc,marking  ] GC(2) Concurrent Clear Claimed Marks 0.022ms
[2023-11-28T20:42:33.419+0530][gc,marking  ] GC(2) Concurrent Scan Root Regions
[2023-11-28T20:42:33.424+0530][gc,marking  ] GC(2) Concurrent Scan Root Regions 4.338ms
[2023-11-28T20:42:33.424+0530][gc,marking  ] GC(2) Concurrent Mark
[2023-11-28T20:42:33.424+0530][gc,marking  ] GC(2) Concurrent Mark From Roots
[2023-11-28T20:42:33.424+0530][gc,task     ] GC(2) Using 2 workers of 2 for marking
[2023-11-28T20:42:33.425+0530][gc,marking  ] GC(2) Concurrent Mark From Roots 1.353ms
[2023-11-28T20:42:33.425+0530][gc,marking  ] GC(2) Concurrent Preclean
[2023-11-28T20:42:33.425+0530][gc,marking  ] GC(2) Concurrent Preclean 0.037ms
[2023-11-28T20:42:33.426+0530][gc,start    ] GC(2) Pause Remark
[2023-11-28T20:42:33.435+0530][gc          ] GC(2) Pause Remark 139M->139M(1024M) 9.554ms
[2023-11-28T20:42:33.435+0530][gc,cpu      ] GC(2) User=0.01s Sys=0.01s Real=0.01s
[2023-11-28T20:42:33.438+0530][gc,marking  ] GC(2) Concurrent Mark 13.928ms
[2023-11-28T20:42:33.438+0530][gc,marking  ] GC(2) Concurrent Rebuild Remembered Sets
[2023-11-28T20:42:33.438+0530][gc,marking  ] GC(2) Concurrent Rebuild Remembered Sets 0.014ms
[2023-11-28T20:42:33.438+0530][gc,start    ] GC(2) Pause Cleanup
[2023-11-28T20:42:33.438+0530][gc          ] GC(2) Pause Cleanup 139M->139M(1024M) 0.020ms
[2023-11-28T20:42:33.438+0530][gc,cpu      ] GC(2) User=0.00s Sys=0.00s Real=0.00s
[2023-11-28T20:42:33.438+0530][gc,marking  ] GC(2) Concurrent Cleanup for Next Mark
[2023-11-28T20:42:33.442+0530][gc,marking  ] GC(2) Concurrent Cleanup for Next Mark 4.126ms
[2023-11-28T20:42:33.443+0530][gc          ] GC(2) Concurrent Mark Cycle 23.238ms
[2023-11-28T20:42:34.528+0530][gc,start    ] GC(3) Pause Young (Normal) (G1 Evacuation Pause)
[2023-11-28T20:42:34.528+0530][gc,task     ] GC(3) Using 8 workers of 8 for evacuation
[2023-11-28T20:42:34.533+0530][gc,phases   ] GC(3)   Pre Evacuate Collection Set: 0.1ms
[2023-11-28T20:42:34.533+0530][gc,phases   ] GC(3)   Merge Heap Roots: 0.0ms
[2023-11-28T20:42:34.533+0530][gc,phases   ] GC(3)   Evacuate Collection Set: 4.1ms
[2023-11-28T20:42:34.533+0530][gc,phases   ] GC(3)   Post Evacuate Collection Set: 0.4ms
[2023-11-28T20:42:34.533+0530][gc,phases   ] GC(3)   Other: 0.1ms
[2023-11-28T20:42:34.533+0530][gc,heap     ] GC(3) Eden regions: 49->0(45)
[2023-11-28T20:42:34.533+0530][gc,heap     ] GC(3) Survivor regions: 2->6(7)
[2023-11-28T20:42:34.533+0530][gc,heap     ] GC(3) Old regions: 7->7
[2023-11-28T20:42:34.533+0530][gc,heap     ] GC(3) Archive regions: 2->2
[2023-11-28T20:42:34.533+0530][gc,heap     ] GC(3) Humongous regions: 129->129
[2023-11-28T20:42:34.533+0530][gc,metaspace] GC(3) Metaspace: 32555K(32832K)->32555K(32832K) NonClass: 28846K(28992K)->28846K(28992K) Class: 3708K(3840K)->3708K(3840K)
[2023-11-28T20:42:34.533+0530][gc          ] GC(3) Pause Young (Normal) (G1 Evacuation Pause) 187M->142M(1024M) 4.850ms
[2023-11-28T20:42:34.533+0530][gc,cpu      ] GC(3) User=0.02s Sys=0.00s Real=0.01s
[2023-11-28T22:31:03.561+0530][gc,heap,exit] Heap
[2023-11-28T22:31:03.562+0530][gc,heap,exit]  garbage-first heap   total 1048576K, used 189798K [0x00000007c0000000, 0x0000000800000000)
[2023-11-28T22:31:03.562+0530][gc,heap,exit]   region size 1024K, 49 young (50176K), 6 survivors (6144K)
[2023-11-28T22:31:03.562+0530][gc,heap,exit]  Metaspace       used 35240K, committed 35584K, reserved 1081344K
[2023-11-28T22:31:03.563+0530][gc,heap,exit]   class space    used 4078K, committed 4224K, reserved 1048576K
