[2023-11-28T18:27:31.061+0530][gc] Using G1
[2023-11-28T18:27:31.065+0530][gc,init] Version: 17+35-LTS-2724 (release)
[2023-11-28T18:27:31.065+0530][gc,init] CPUs: 8 total, 8 available
[2023-11-28T18:27:31.065+0530][gc,init] Memory: 8192M
[2023-11-28T18:27:31.065+0530][gc,init] Large Page Support: Disabled
[2023-11-28T18:27:31.065+0530][gc,init] NUMA Support: Disabled
[2023-11-28T18:27:31.065+0530][gc,init] Compressed Oops: Enabled (Zero based)
[2023-11-28T18:27:31.065+0530][gc,init] Heap Region Size: 1M
[2023-11-28T18:27:31.065+0530][gc,init] Heap Min Capacity: 1G
[2023-11-28T18:27:31.065+0530][gc,init] Heap Initial Capacity: 1G
[2023-11-28T18:27:31.065+0530][gc,init] Heap Max Capacity: 1G
[2023-11-28T18:27:31.065+0530][gc,init] Pre-touch: Disabled
[2023-11-28T18:27:31.065+0530][gc,init] Parallel Workers: 8
[2023-11-28T18:27:31.065+0530][gc,init] Concurrent Workers: 2
[2023-11-28T18:27:31.065+0530][gc,init] Concurrent Refinement Workers: 8
[2023-11-28T18:27:31.065+0530][gc,init] Periodic GC: Disabled
[2023-11-28T18:27:31.066+0530][gc,metaspace] CDS archive(s) mapped at: [0x0000000800000000-0x0000000800bd0000-0x0000000800bd0000), size 12386304, SharedBaseAddress: 0x0000000800000000, ArchiveRelocationMode: 0.
[2023-11-28T18:27:31.066+0530][gc,metaspace] Compressed class space mapped at: 0x0000000800c00000-0x0000000840c00000, reserved size: 1073741824
[2023-11-28T18:27:31.066+0530][gc,metaspace] Narrow klass base: 0x0000000800000000, Narrow klass shift: 0, Narrow klass range: 0x100000000
[2023-11-28T18:27:51.741+0530][gc,heap,exit] Heap
[2023-11-28T18:27:51.741+0530][gc,heap,exit]  garbage-first heap   total 1048576K, used 41940K [0x00000007c0000000, 0x0000000800000000)
[2023-11-28T18:27:51.741+0530][gc,heap,exit]   region size 1024K, 40 young (40960K), 0 survivors (0K)
[2023-11-28T18:27:51.741+0530][gc,heap,exit]  Metaspace       used 14299K, committed 14528K, reserved 1064960K
[2023-11-28T18:27:51.741+0530][gc,heap,exit]   class space    used 1769K, committed 1856K, reserved 1048576K
