[2023-12-01T13:10:47.133+0530][gc] Using G1
[2023-12-01T13:10:47.138+0530][gc,init] Version: 17+35-LTS-2724 (release)
[2023-12-01T13:10:47.138+0530][gc,init] CPUs: 8 total, 8 available
[2023-12-01T13:10:47.138+0530][gc,init] Memory: 8192M
[2023-12-01T13:10:47.138+0530][gc,init] Large Page Support: Disabled
[2023-12-01T13:10:47.138+0530][gc,init] NUMA Support: Disabled
[2023-12-01T13:10:47.138+0530][gc,init] Compressed Oops: Enabled (Zero based)
[2023-12-01T13:10:47.138+0530][gc,init] Heap Region Size: 1M
[2023-12-01T13:10:47.138+0530][gc,init] Heap Min Capacity: 1G
[2023-12-01T13:10:47.138+0530][gc,init] Heap Initial Capacity: 1G
[2023-12-01T13:10:47.138+0530][gc,init] Heap Max Capacity: 1G
[2023-12-01T13:10:47.138+0530][gc,init] Pre-touch: Disabled
[2023-12-01T13:10:47.138+0530][gc,init] Parallel Workers: 8
[2023-12-01T13:10:47.138+0530][gc,init] Concurrent Workers: 2
[2023-12-01T13:10:47.138+0530][gc,init] Concurrent Refinement Workers: 8
[2023-12-01T13:10:47.138+0530][gc,init] Periodic GC: Disabled
[2023-12-01T13:10:47.138+0530][gc,metaspace] CDS archive(s) mapped at: [0x0000000800000000-0x0000000800bd0000-0x0000000800bd0000), size 12386304, SharedBaseAddress: 0x0000000800000000, ArchiveRelocationMode: 0.
[2023-12-01T13:10:47.138+0530][gc,metaspace] Compressed class space mapped at: 0x0000000800c00000-0x0000000840c00000, reserved size: 1073741824
[2023-12-01T13:10:47.138+0530][gc,metaspace] Narrow klass base: 0x0000000800000000, Narrow klass shift: 0, Narrow klass range: 0x100000000
[2023-12-01T13:10:49.125+0530][gc,start    ] GC(0) Pause Young (Normal) (G1 Evacuation Pause)
[2023-12-01T13:10:49.126+0530][gc,task     ] GC(0) Using 8 workers of 8 for evacuation
[2023-12-01T13:10:49.143+0530][gc,phases   ] GC(0)   Pre Evacuate Collection Set: 0.3ms
[2023-12-01T13:10:49.144+0530][gc,phases   ] GC(0)   Merge Heap Roots: 0.0ms
[2023-12-01T13:10:49.144+0530][gc,phases   ] GC(0)   Evacuate Collection Set: 16.0ms
[2023-12-01T13:10:49.144+0530][gc,phases   ] GC(0)   Post Evacuate Collection Set: 1.1ms
[2023-12-01T13:10:49.144+0530][gc,phases   ] GC(0)   Other: 0.6ms
[2023-12-01T13:10:49.144+0530][gc,heap     ] GC(0) Eden regions: 51->0(44)
[2023-12-01T13:10:49.144+0530][gc,heap     ] GC(0) Survivor regions: 0->7(7)
[2023-12-01T13:10:49.144+0530][gc,heap     ] GC(0) Old regions: 0->1
[2023-12-01T13:10:49.144+0530][gc,heap     ] GC(0) Archive regions: 2->2
[2023-12-01T13:10:49.144+0530][gc,heap     ] GC(0) Humongous regions: 0->0
[2023-12-01T13:10:49.144+0530][gc,metaspace] GC(0) Metaspace: 18044K(18176K)->18044K(18176K) NonClass: 15861K(15936K)->15861K(15936K) Class: 2182K(2240K)->2182K(2240K)
[2023-12-01T13:10:49.144+0530][gc          ] GC(0) Pause Young (Normal) (G1 Evacuation Pause) 51M->8M(1024M) 18.559ms
[2023-12-01T13:10:49.144+0530][gc,cpu      ] GC(0) User=0.03s Sys=0.01s Real=0.02s
[2023-12-01T13:10:49.631+0530][gc,start    ] GC(1) Pause Young (Concurrent Start) (Metadata GC Threshold)
[2023-12-01T13:10:49.631+0530][gc,task     ] GC(1) Using 8 workers of 8 for evacuation
[2023-12-01T13:10:49.642+0530][gc,phases   ] GC(1)   Pre Evacuate Collection Set: 0.1ms
[2023-12-01T13:10:49.642+0530][gc,phases   ] GC(1)   Merge Heap Roots: 0.0ms
[2023-12-01T13:10:49.643+0530][gc,phases   ] GC(1)   Evacuate Collection Set: 11.1ms
[2023-12-01T13:10:49.643+0530][gc,phases   ] GC(1)   Post Evacuate Collection Set: 0.4ms
[2023-12-01T13:10:49.643+0530][gc,phases   ] GC(1)   Other: 0.2ms
[2023-12-01T13:10:49.643+0530][gc,heap     ] GC(1) Eden regions: 14->0(49)
[2023-12-01T13:10:49.643+0530][gc,heap     ] GC(1) Survivor regions: 7->2(7)
[2023-12-01T13:10:49.643+0530][gc,heap     ] GC(1) Old regions: 1->8
[2023-12-01T13:10:49.643+0530][gc,heap     ] GC(1) Archive regions: 2->2
[2023-12-01T13:10:49.643+0530][gc,heap     ] GC(1) Humongous regions: 129->129
[2023-12-01T13:10:49.643+0530][gc,metaspace] GC(1) Metaspace: 21274K(21504K)->21274K(21504K) NonClass: 18673K(18752K)->18673K(18752K) Class: 2601K(2752K)->2601K(2752K)
[2023-12-01T13:10:49.643+0530][gc          ] GC(1) Pause Young (Concurrent Start) (Metadata GC Threshold) 150M->138M(1024M) 11.864ms
[2023-12-01T13:10:49.643+0530][gc,cpu      ] GC(1) User=0.03s Sys=0.02s Real=0.01s
[2023-12-01T13:10:49.643+0530][gc          ] GC(2) Concurrent Mark Cycle
[2023-12-01T13:10:49.643+0530][gc,marking  ] GC(2) Concurrent Clear Claimed Marks
[2023-12-01T13:10:49.643+0530][gc,marking  ] GC(2) Concurrent Clear Claimed Marks 0.020ms
[2023-12-01T13:10:49.643+0530][gc,marking  ] GC(2) Concurrent Scan Root Regions
[2023-12-01T13:10:49.646+0530][gc,marking  ] GC(2) Concurrent Scan Root Regions 3.131ms
[2023-12-01T13:10:49.646+0530][gc,marking  ] GC(2) Concurrent Mark
[2023-12-01T13:10:49.646+0530][gc,marking  ] GC(2) Concurrent Mark From Roots
[2023-12-01T13:10:49.646+0530][gc,task     ] GC(2) Using 2 workers of 2 for marking
[2023-12-01T13:10:49.648+0530][gc,marking  ] GC(2) Concurrent Mark From Roots 1.761ms
[2023-12-01T13:10:49.648+0530][gc,marking  ] GC(2) Concurrent Preclean
[2023-12-01T13:10:49.648+0530][gc,marking  ] GC(2) Concurrent Preclean 0.026ms
[2023-12-01T13:10:49.648+0530][gc,start    ] GC(2) Pause Remark
[2023-12-01T13:10:49.657+0530][gc          ] GC(2) Pause Remark 139M->139M(1024M) 8.802ms
[2023-12-01T13:10:49.657+0530][gc,cpu      ] GC(2) User=0.01s Sys=0.01s Real=0.01s
[2023-12-01T13:10:49.658+0530][gc,marking  ] GC(2) Concurrent Mark 11.230ms
[2023-12-01T13:10:49.658+0530][gc,marking  ] GC(2) Concurrent Rebuild Remembered Sets
[2023-12-01T13:10:49.660+0530][gc,marking  ] GC(2) Concurrent Rebuild Remembered Sets 1.908ms
[2023-12-01T13:10:49.660+0530][gc,start    ] GC(2) Pause Cleanup
[2023-12-01T13:10:49.660+0530][gc          ] GC(2) Pause Cleanup 139M->139M(1024M) 0.098ms
[2023-12-01T13:10:49.660+0530][gc,cpu      ] GC(2) User=0.00s Sys=0.00s Real=0.00s
[2023-12-01T13:10:49.660+0530][gc,marking  ] GC(2) Concurrent Cleanup for Next Mark
[2023-12-01T13:10:49.667+0530][gc,marking  ] GC(2) Concurrent Cleanup for Next Mark 7.411ms
[2023-12-01T13:10:49.667+0530][gc          ] GC(2) Concurrent Mark Cycle 24.632ms
[2023-12-01T13:10:50.720+0530][gc,start    ] GC(3) Pause Young (Normal) (G1 Evacuation Pause)
[2023-12-01T13:10:50.720+0530][gc,task     ] GC(3) Using 8 workers of 8 for evacuation
[2023-12-01T13:10:50.724+0530][gc,phases   ] GC(3)   Pre Evacuate Collection Set: 0.1ms
[2023-12-01T13:10:50.724+0530][gc,phases   ] GC(3)   Merge Heap Roots: 0.0ms
[2023-12-01T13:10:50.724+0530][gc,phases   ] GC(3)   Evacuate Collection Set: 3.5ms
[2023-12-01T13:10:50.724+0530][gc,phases   ] GC(3)   Post Evacuate Collection Set: 0.4ms
[2023-12-01T13:10:50.724+0530][gc,phases   ] GC(3)   Other: 0.1ms
[2023-12-01T13:10:50.724+0530][gc,heap     ] GC(3) Eden regions: 49->0(45)
[2023-12-01T13:10:50.724+0530][gc,heap     ] GC(3) Survivor regions: 2->6(7)
[2023-12-01T13:10:50.724+0530][gc,heap     ] GC(3) Old regions: 8->8
[2023-12-01T13:10:50.724+0530][gc,heap     ] GC(3) Archive regions: 2->2
[2023-12-01T13:10:50.724+0530][gc,heap     ] GC(3) Humongous regions: 129->129
[2023-12-01T13:10:50.724+0530][gc,metaspace] GC(3) Metaspace: 32524K(32768K)->32524K(32768K) NonClass: 28817K(28928K)->28817K(28928K) Class: 3707K(3840K)->3707K(3840K)
[2023-12-01T13:10:50.724+0530][gc          ] GC(3) Pause Young (Normal) (G1 Evacuation Pause) 187M->142M(1024M) 4.270ms
[2023-12-01T13:10:50.724+0530][gc,cpu      ] GC(3) User=0.02s Sys=0.01s Real=0.00s
[2023-12-01T13:11:09.981+0530][gc,start    ] GC(4) Pause Young (Concurrent Start) (Metadata GC Threshold)
[2023-12-01T13:11:09.981+0530][gc,task     ] GC(4) Using 8 workers of 8 for evacuation
[2023-12-01T13:11:09.990+0530][gc,phases   ] GC(4)   Pre Evacuate Collection Set: 0.5ms
[2023-12-01T13:11:09.990+0530][gc,phases   ] GC(4)   Merge Heap Roots: 0.1ms
[2023-12-01T13:11:09.990+0530][gc,phases   ] GC(4)   Evacuate Collection Set: 7.7ms
[2023-12-01T13:11:09.990+0530][gc,phases   ] GC(4)   Post Evacuate Collection Set: 0.4ms
[2023-12-01T13:11:09.990+0530][gc,phases   ] GC(4)   Other: 0.6ms
[2023-12-01T13:11:09.990+0530][gc,heap     ] GC(4) Eden regions: 16->0(49)
[2023-12-01T13:11:09.990+0530][gc,heap     ] GC(4) Survivor regions: 6->2(7)
[2023-12-01T13:11:09.990+0530][gc,heap     ] GC(4) Old regions: 8->13
[2023-12-01T13:11:09.990+0530][gc,heap     ] GC(4) Archive regions: 2->2
[2023-12-01T13:11:09.990+0530][gc,heap     ] GC(4) Humongous regions: 129->129
[2023-12-01T13:11:09.990+0530][gc,metaspace] GC(4) Metaspace: 35654K(35968K)->35654K(35968K) NonClass: 31421K(31616K)->31421K(31616K) Class: 4232K(4352K)->4232K(4352K)
[2023-12-01T13:11:09.990+0530][gc          ] GC(4) Pause Young (Concurrent Start) (Metadata GC Threshold) 157M->143M(1024M) 9.347ms
[2023-12-01T13:11:09.990+0530][gc,cpu      ] GC(4) User=0.02s Sys=0.02s Real=0.01s
[2023-12-01T13:11:09.991+0530][gc          ] GC(5) Concurrent Mark Cycle
[2023-12-01T13:11:09.991+0530][gc,marking  ] GC(5) Concurrent Clear Claimed Marks
[2023-12-01T13:11:09.991+0530][gc,marking  ] GC(5) Concurrent Clear Claimed Marks 0.037ms
[2023-12-01T13:11:09.991+0530][gc,marking  ] GC(5) Concurrent Scan Root Regions
[2023-12-01T13:11:09.993+0530][gc,marking  ] GC(5) Concurrent Scan Root Regions 2.458ms
[2023-12-01T13:11:09.994+0530][gc,marking  ] GC(5) Concurrent Mark
[2023-12-01T13:11:09.994+0530][gc,marking  ] GC(5) Concurrent Mark From Roots
[2023-12-01T13:11:09.994+0530][gc,task     ] GC(5) Using 2 workers of 2 for marking
[2023-12-01T13:11:09.998+0530][gc,marking  ] GC(5) Concurrent Mark From Roots 4.557ms
[2023-12-01T13:11:09.998+0530][gc,marking  ] GC(5) Concurrent Preclean
[2023-12-01T13:11:09.998+0530][gc,marking  ] GC(5) Concurrent Preclean 0.064ms
[2023-12-01T13:11:09.999+0530][gc,start    ] GC(5) Pause Remark
[2023-12-01T13:11:10.015+0530][gc          ] GC(5) Pause Remark 144M->144M(1024M) 16.268ms
[2023-12-01T13:11:10.015+0530][gc,cpu      ] GC(5) User=0.03s Sys=0.03s Real=0.02s
[2023-12-01T13:11:10.015+0530][gc,marking  ] GC(5) Concurrent Mark 21.294ms
[2023-12-01T13:11:10.015+0530][gc,marking  ] GC(5) Concurrent Rebuild Remembered Sets
[2023-12-01T13:11:10.022+0530][gc,marking  ] GC(5) Concurrent Rebuild Remembered Sets 7.432ms
[2023-12-01T13:11:10.023+0530][gc,start    ] GC(5) Pause Cleanup
[2023-12-01T13:11:10.023+0530][gc          ] GC(5) Pause Cleanup 144M->144M(1024M) 0.152ms
[2023-12-01T13:11:10.023+0530][gc,cpu      ] GC(5) User=0.00s Sys=0.00s Real=0.00s
[2023-12-01T13:11:10.023+0530][gc,marking  ] GC(5) Concurrent Cleanup for Next Mark
[2023-12-01T13:11:10.034+0530][gc,marking  ] GC(5) Concurrent Cleanup for Next Mark 10.369ms
[2023-12-01T13:11:10.034+0530][gc          ] GC(5) Concurrent Mark Cycle 43.078ms
[2023-12-01T14:06:44.502+0530][gc,start    ] GC(6) Pause Young (Prepare Mixed) (G1 Evacuation Pause)
[2023-12-01T14:06:44.503+0530][gc,task     ] GC(6) Using 8 workers of 8 for evacuation
[2023-12-01T14:06:44.582+0530][gc,mmu      ] GC(6) MMU target violated: 21.0ms (20.0ms/21.0ms)
[2023-12-01T14:06:44.583+0530][gc,phases   ] GC(6)   Pre Evacuate Collection Set: 3.4ms
[2023-12-01T14:06:44.583+0530][gc,phases   ] GC(6)   Merge Heap Roots: 1.3ms
[2023-12-01T14:06:44.583+0530][gc,phases   ] GC(6)   Evacuate Collection Set: 70.4ms
[2023-12-01T14:06:44.583+0530][gc,phases   ] GC(6)   Post Evacuate Collection Set: 3.0ms
[2023-12-01T14:06:44.583+0530][gc,phases   ] GC(6)   Other: 5.9ms
[2023-12-01T14:06:44.583+0530][gc,heap     ] GC(6) Eden regions: 49->0(49)
[2023-12-01T14:06:44.583+0530][gc,heap     ] GC(6) Survivor regions: 2->2(7)
[2023-12-01T14:06:44.583+0530][gc,heap     ] GC(6) Old regions: 13->13
[2023-12-01T14:06:44.583+0530][gc,heap     ] GC(6) Archive regions: 2->2
[2023-12-01T14:06:44.583+0530][gc,heap     ] GC(6) Humongous regions: 129->129
[2023-12-01T14:06:44.583+0530][gc,metaspace] GC(6) Metaspace: 37547K(38080K)->37547K(38080K) NonClass: 33041K(33344K)->33041K(33344K) Class: 4506K(4736K)->4506K(4736K)
[2023-12-01T14:06:44.583+0530][gc          ] GC(6) Pause Young (Prepare Mixed) (G1 Evacuation Pause) 192M->143M(1024M) 82.362ms
[2023-12-01T14:06:44.583+0530][gc,cpu      ] GC(6) User=0.04s Sys=0.08s Real=0.08s
[2023-12-01T15:17:02.006+0530][gc,start    ] GC(7) Pause Young (Mixed) (G1 Evacuation Pause)
[2023-12-01T15:17:02.006+0530][gc,task     ] GC(7) Using 8 workers of 8 for evacuation
[2023-12-01T15:17:02.140+0530][gc,mmu      ] GC(7) MMU target violated: 21.0ms (20.0ms/21.0ms)
[2023-12-01T15:17:02.140+0530][gc,phases   ] GC(7)   Pre Evacuate Collection Set: 2.0ms
[2023-12-01T15:17:02.140+0530][gc,phases   ] GC(7)   Merge Heap Roots: 0.9ms
[2023-12-01T15:17:02.140+0530][gc,phases   ] GC(7)   Evacuate Collection Set: 127.9ms
[2023-12-01T15:17:02.140+0530][gc,phases   ] GC(7)   Post Evacuate Collection Set: 2.5ms
[2023-12-01T15:17:02.140+0530][gc,phases   ] GC(7)   Other: 1.4ms
[2023-12-01T15:17:02.140+0530][gc,heap     ] GC(7) Eden regions: 49->0(49)
[2023-12-01T15:17:02.140+0530][gc,heap     ] GC(7) Survivor regions: 2->2(7)
[2023-12-01T15:17:02.140+0530][gc,heap     ] GC(7) Old regions: 13->13
[2023-12-01T15:17:02.140+0530][gc,heap     ] GC(7) Archive regions: 2->2
[2023-12-01T15:17:02.140+0530][gc,heap     ] GC(7) Humongous regions: 129->129
[2023-12-01T15:17:02.140+0530][gc,metaspace] GC(7) Metaspace: 38863K(39360K)->38863K(39360K) NonClass: 34182K(34432K)->34182K(34432K) Class: 4681K(4928K)->4681K(4928K)
[2023-12-01T15:17:02.140+0530][gc          ] GC(7) Pause Young (Mixed) (G1 Evacuation Pause) 192M->144M(1024M) 134.358ms
[2023-12-01T15:17:02.140+0530][gc,cpu      ] GC(7) User=0.13s Sys=0.08s Real=0.14s
