[2023-11-28T18:50:26.474+0530][gc] Using G1
[2023-11-28T18:50:26.478+0530][gc,init] Version: 17+35-LTS-2724 (release)
[2023-11-28T18:50:26.478+0530][gc,init] CPUs: 8 total, 8 available
[2023-11-28T18:50:26.478+0530][gc,init] Memory: 8192M
[2023-11-28T18:50:26.478+0530][gc,init] Large Page Support: Disabled
[2023-11-28T18:50:26.478+0530][gc,init] NUMA Support: Disabled
[2023-11-28T18:50:26.478+0530][gc,init] Compressed Oops: Enabled (Zero based)
[2023-11-28T18:50:26.478+0530][gc,init] Heap Region Size: 1M
[2023-11-28T18:50:26.478+0530][gc,init] Heap Min Capacity: 1G
[2023-11-28T18:50:26.478+0530][gc,init] Heap Initial Capacity: 1G
[2023-11-28T18:50:26.478+0530][gc,init] Heap Max Capacity: 1G
[2023-11-28T18:50:26.478+0530][gc,init] Pre-touch: Disabled
[2023-11-28T18:50:26.478+0530][gc,init] Parallel Workers: 8
[2023-11-28T18:50:26.478+0530][gc,init] Concurrent Workers: 2
[2023-11-28T18:50:26.478+0530][gc,init] Concurrent Refinement Workers: 8
[2023-11-28T18:50:26.478+0530][gc,init] Periodic GC: Disabled
[2023-11-28T18:50:26.479+0530][gc,metaspace] CDS archive(s) mapped at: [0x0000000800000000-0x0000000800bd0000-0x0000000800bd0000), size 12386304, SharedBaseAddress: 0x0000000800000000, ArchiveRelocationMode: 0.
[2023-11-28T18:50:26.479+0530][gc,metaspace] Compressed class space mapped at: 0x0000000800c00000-0x0000000840c00000, reserved size: 1073741824
[2023-11-28T18:50:26.479+0530][gc,metaspace] Narrow klass base: 0x0000000800000000, Narrow klass shift: 0, Narrow klass range: 0x100000000
[2023-11-28T18:50:27.896+0530][gc,start    ] GC(0) Pause Young (Normal) (G1 Evacuation Pause)
[2023-11-28T18:50:27.897+0530][gc,task     ] GC(0) Using 8 workers of 8 for evacuation
[2023-11-28T18:50:27.905+0530][gc,phases   ] GC(0)   Pre Evacuate Collection Set: 0.1ms
[2023-11-28T18:50:27.905+0530][gc,phases   ] GC(0)   Merge Heap Roots: 0.0ms
[2023-11-28T18:50:27.905+0530][gc,phases   ] GC(0)   Evacuate Collection Set: 8.0ms
[2023-11-28T18:50:27.905+0530][gc,phases   ] GC(0)   Post Evacuate Collection Set: 0.4ms
[2023-11-28T18:50:27.905+0530][gc,phases   ] GC(0)   Other: 0.4ms
[2023-11-28T18:50:27.905+0530][gc,heap     ] GC(0) Eden regions: 51->0(44)
[2023-11-28T18:50:27.905+0530][gc,heap     ] GC(0) Survivor regions: 0->7(7)
[2023-11-28T18:50:27.905+0530][gc,heap     ] GC(0) Old regions: 0->1
[2023-11-28T18:50:27.905+0530][gc,heap     ] GC(0) Archive regions: 2->2
[2023-11-28T18:50:27.905+0530][gc,heap     ] GC(0) Humongous regions: 0->0
[2023-11-28T18:50:27.905+0530][gc,metaspace] GC(0) Metaspace: 18063K(18240K)->18063K(18240K) NonClass: 15879K(16000K)->15879K(16000K) Class: 2184K(2240K)->2184K(2240K)
[2023-11-28T18:50:27.906+0530][gc          ] GC(0) Pause Young (Normal) (G1 Evacuation Pause) 51M->8M(1024M) 9.087ms
[2023-11-28T18:50:27.906+0530][gc,cpu      ] GC(0) User=0.01s Sys=0.01s Real=0.01s
[2023-11-28T18:50:28.259+0530][gc,start    ] GC(1) Pause Young (Concurrent Start) (Metadata GC Threshold)
[2023-11-28T18:50:28.259+0530][gc,task     ] GC(1) Using 8 workers of 8 for evacuation
[2023-11-28T18:50:28.266+0530][gc,phases   ] GC(1)   Pre Evacuate Collection Set: 0.1ms
[2023-11-28T18:50:28.266+0530][gc,phases   ] GC(1)   Merge Heap Roots: 0.0ms
[2023-11-28T18:50:28.266+0530][gc,phases   ] GC(1)   Evacuate Collection Set: 6.1ms
[2023-11-28T18:50:28.266+0530][gc,phases   ] GC(1)   Post Evacuate Collection Set: 0.3ms
[2023-11-28T18:50:28.266+0530][gc,phases   ] GC(1)   Other: 0.2ms
[2023-11-28T18:50:28.266+0530][gc,heap     ] GC(1) Eden regions: 14->0(49)
[2023-11-28T18:50:28.266+0530][gc,heap     ] GC(1) Survivor regions: 7->2(7)
[2023-11-28T18:50:28.266+0530][gc,heap     ] GC(1) Old regions: 1->8
[2023-11-28T18:50:28.266+0530][gc,heap     ] GC(1) Archive regions: 2->2
[2023-11-28T18:50:28.266+0530][gc,heap     ] GC(1) Humongous regions: 129->129
[2023-11-28T18:50:28.266+0530][gc,metaspace] GC(1) Metaspace: 21263K(21504K)->21263K(21504K) NonClass: 18662K(18752K)->18662K(18752K) Class: 2601K(2752K)->2601K(2752K)
[2023-11-28T18:50:28.266+0530][gc          ] GC(1) Pause Young (Concurrent Start) (Metadata GC Threshold) 150M->138M(1024M) 6.850ms
[2023-11-28T18:50:28.266+0530][gc,cpu      ] GC(1) User=0.02s Sys=0.01s Real=0.01s
[2023-11-28T18:50:28.266+0530][gc          ] GC(2) Concurrent Mark Cycle
[2023-11-28T18:50:28.266+0530][gc,marking  ] GC(2) Concurrent Clear Claimed Marks
[2023-11-28T18:50:28.266+0530][gc,marking  ] GC(2) Concurrent Clear Claimed Marks 0.020ms
[2023-11-28T18:50:28.266+0530][gc,marking  ] GC(2) Concurrent Scan Root Regions
[2023-11-28T18:50:28.270+0530][gc,marking  ] GC(2) Concurrent Scan Root Regions 3.949ms
[2023-11-28T18:50:28.270+0530][gc,marking  ] GC(2) Concurrent Mark
[2023-11-28T18:50:28.270+0530][gc,marking  ] GC(2) Concurrent Mark From Roots
[2023-11-28T18:50:28.270+0530][gc,task     ] GC(2) Using 2 workers of 2 for marking
[2023-11-28T18:50:28.272+0530][gc,marking  ] GC(2) Concurrent Mark From Roots 2.363ms
[2023-11-28T18:50:28.273+0530][gc,marking  ] GC(2) Concurrent Preclean
[2023-11-28T18:50:28.273+0530][gc,marking  ] GC(2) Concurrent Preclean 0.027ms
[2023-11-28T18:50:28.273+0530][gc,start    ] GC(2) Pause Remark
[2023-11-28T18:50:28.279+0530][gc          ] GC(2) Pause Remark 139M->139M(1024M) 6.485ms
[2023-11-28T18:50:28.280+0530][gc,cpu      ] GC(2) User=0.01s Sys=0.00s Real=0.01s
[2023-11-28T18:50:28.280+0530][gc,marking  ] GC(2) Concurrent Mark 9.547ms
[2023-11-28T18:50:28.280+0530][gc,marking  ] GC(2) Concurrent Rebuild Remembered Sets
[2023-11-28T18:50:28.281+0530][gc,marking  ] GC(2) Concurrent Rebuild Remembered Sets 1.542ms
[2023-11-28T18:50:28.282+0530][gc,start    ] GC(2) Pause Cleanup
[2023-11-28T18:50:28.282+0530][gc          ] GC(2) Pause Cleanup 139M->139M(1024M) 0.075ms
[2023-11-28T18:50:28.282+0530][gc,cpu      ] GC(2) User=0.00s Sys=0.00s Real=0.00s
[2023-11-28T18:50:28.282+0530][gc,marking  ] GC(2) Concurrent Cleanup for Next Mark
[2023-11-28T18:50:28.285+0530][gc,marking  ] GC(2) Concurrent Cleanup for Next Mark 3.031ms
[2023-11-28T18:50:28.285+0530][gc          ] GC(2) Concurrent Mark Cycle 19.045ms
[2023-11-28T18:50:29.074+0530][gc,start    ] GC(3) Pause Young (Normal) (G1 Evacuation Pause)
[2023-11-28T18:50:29.074+0530][gc,task     ] GC(3) Using 8 workers of 8 for evacuation
[2023-11-28T18:50:29.079+0530][gc,phases   ] GC(3)   Pre Evacuate Collection Set: 0.1ms
[2023-11-28T18:50:29.079+0530][gc,phases   ] GC(3)   Merge Heap Roots: 0.0ms
[2023-11-28T18:50:29.079+0530][gc,phases   ] GC(3)   Evacuate Collection Set: 4.2ms
[2023-11-28T18:50:29.079+0530][gc,phases   ] GC(3)   Post Evacuate Collection Set: 0.3ms
[2023-11-28T18:50:29.079+0530][gc,phases   ] GC(3)   Other: 0.1ms
[2023-11-28T18:50:29.079+0530][gc,heap     ] GC(3) Eden regions: 49->0(45)
[2023-11-28T18:50:29.079+0530][gc,heap     ] GC(3) Survivor regions: 2->6(7)
[2023-11-28T18:50:29.079+0530][gc,heap     ] GC(3) Old regions: 8->8
[2023-11-28T18:50:29.079+0530][gc,heap     ] GC(3) Archive regions: 2->2
[2023-11-28T18:50:29.079+0530][gc,heap     ] GC(3) Humongous regions: 129->129
[2023-11-28T18:50:29.079+0530][gc,metaspace] GC(3) Metaspace: 32642K(32896K)->32642K(32896K) NonClass: 28919K(29056K)->28919K(29056K) Class: 3723K(3840K)->3723K(3840K)
[2023-11-28T18:50:29.079+0530][gc          ] GC(3) Pause Young (Normal) (G1 Evacuation Pause) 187M->142M(1024M) 4.865ms
[2023-11-28T18:50:29.079+0530][gc,cpu      ] GC(3) User=0.02s Sys=0.01s Real=0.00s
[2023-11-28T19:07:19.071+0530][gc,heap,exit] Heap
[2023-11-28T19:07:19.072+0530][gc,heap,exit]  garbage-first heap   total 1048576K, used 169538K [0x00000007c0000000, 0x0000000800000000)
[2023-11-28T19:07:19.072+0530][gc,heap,exit]   region size 1024K, 29 young (29696K), 6 survivors (6144K)
[2023-11-28T19:07:19.072+0530][gc,heap,exit]  Metaspace       used 34956K, committed 35264K, reserved 1081344K
[2023-11-28T19:07:19.072+0530][gc,heap,exit]   class space    used 4078K, committed 4224K, reserved 1048576K
