[2023-11-28T18:40:06.435+0530][gc] Using G1
[2023-11-28T18:40:06.437+0530][gc,init] Version: 17+35-LTS-2724 (release)
[2023-11-28T18:40:06.437+0530][gc,init] CPUs: 8 total, 8 available
[2023-11-28T18:40:06.437+0530][gc,init] Memory: 8192M
[2023-11-28T18:40:06.437+0530][gc,init] Large Page Support: Disabled
[2023-11-28T18:40:06.437+0530][gc,init] NUMA Support: Disabled
[2023-11-28T18:40:06.437+0530][gc,init] Compressed Oops: Enabled (Zero based)
[2023-11-28T18:40:06.437+0530][gc,init] Heap Region Size: 1M
[2023-11-28T18:40:06.437+0530][gc,init] Heap Min Capacity: 512M
[2023-11-28T18:40:06.437+0530][gc,init] Heap Initial Capacity: 512M
[2023-11-28T18:40:06.437+0530][gc,init] Heap Max Capacity: 512M
[2023-11-28T18:40:06.437+0530][gc,init] Pre-touch: Disabled
[2023-11-28T18:40:06.437+0530][gc,init] Parallel Workers: 8
[2023-11-28T18:40:06.437+0530][gc,init] Concurrent Workers: 2
[2023-11-28T18:40:06.437+0530][gc,init] Concurrent Refinement Workers: 8
[2023-11-28T18:40:06.437+0530][gc,init] Periodic GC: Disabled
[2023-11-28T18:40:06.438+0530][gc,metaspace] CDS archive(s) mapped at: [0x0000000800000000-0x0000000800bd0000-0x0000000800bd0000), size 12386304, SharedBaseAddress: 0x0000000800000000, ArchiveRelocationMode: 0.
[2023-11-28T18:40:06.438+0530][gc,metaspace] Compressed class space mapped at: 0x0000000800c00000-0x0000000840c00000, reserved size: 1073741824
[2023-11-28T18:40:06.438+0530][gc,metaspace] Narrow klass base: 0x0000000800000000, Narrow klass shift: 0, Narrow klass range: 0x100000000
[2023-11-28T18:50:27.663+0530][gc,start    ] GC(0) Pause Young (Normal) (G1 Evacuation Pause)
[2023-11-28T18:50:27.664+0530][gc,task     ] GC(0) Using 8 workers of 8 for evacuation
[2023-11-28T18:50:27.678+0530][gc,phases   ] GC(0)   Pre Evacuate Collection Set: 0.2ms
[2023-11-28T18:50:27.678+0530][gc,phases   ] GC(0)   Merge Heap Roots: 0.1ms
[2023-11-28T18:50:27.678+0530][gc,phases   ] GC(0)   Evacuate Collection Set: 12.7ms
[2023-11-28T18:50:27.678+0530][gc,phases   ] GC(0)   Post Evacuate Collection Set: 0.4ms
[2023-11-28T18:50:27.678+0530][gc,phases   ] GC(0)   Other: 1.4ms
[2023-11-28T18:50:27.678+0530][gc,heap     ] GC(0) Eden regions: 25->0(21)
[2023-11-28T18:50:27.678+0530][gc,heap     ] GC(0) Survivor regions: 0->4(4)
[2023-11-28T18:50:27.678+0530][gc,heap     ] GC(0) Old regions: 0->4
[2023-11-28T18:50:27.678+0530][gc,heap     ] GC(0) Archive regions: 2->2
[2023-11-28T18:50:27.678+0530][gc,heap     ] GC(0) Humongous regions: 0->0
[2023-11-28T18:50:27.678+0530][gc,metaspace] GC(0) Metaspace: 7797K(7936K)->7797K(7936K) NonClass: 6913K(6976K)->6913K(6976K) Class: 883K(960K)->883K(960K)
[2023-11-28T18:50:27.678+0530][gc          ] GC(0) Pause Young (Normal) (G1 Evacuation Pause) 25M->8M(512M) 14.729ms
[2023-11-28T18:50:27.678+0530][gc,cpu      ] GC(0) User=0.02s Sys=0.02s Real=0.01s
[2023-11-28T19:07:22.156+0530][gc,heap,exit] Heap
[2023-11-28T19:07:22.157+0530][gc,heap,exit]  garbage-first heap   total 524288K, used 13438K [0x00000007e0000000, 0x0000000800000000)
[2023-11-28T19:07:22.157+0530][gc,heap,exit]   region size 1024K, 10 young (10240K), 4 survivors (4096K)
[2023-11-28T19:07:22.157+0530][gc,heap,exit]  Metaspace       used 8243K, committed 8448K, reserved 1056768K
[2023-11-28T19:07:22.157+0530][gc,heap,exit]   class space    used 907K, committed 1024K, reserved 1048576K
