[2023-12-01T13:10:25.543+0530][gc] Using G1
[2023-12-01T13:10:25.545+0530][gc,init] Version: 17+35-LTS-2724 (release)
[2023-12-01T13:10:25.545+0530][gc,init] CPUs: 8 total, 8 available
[2023-12-01T13:10:25.545+0530][gc,init] Memory: 8192M
[2023-12-01T13:10:25.545+0530][gc,init] Large Page Support: Disabled
[2023-12-01T13:10:25.545+0530][gc,init] NUMA Support: Disabled
[2023-12-01T13:10:25.545+0530][gc,init] Compressed Oops: Enabled (Zero based)
[2023-12-01T13:10:25.545+0530][gc,init] Heap Region Size: 1M
[2023-12-01T13:10:25.545+0530][gc,init] Heap Min Capacity: 512M
[2023-12-01T13:10:25.545+0530][gc,init] Heap Initial Capacity: 512M
[2023-12-01T13:10:25.545+0530][gc,init] Heap Max Capacity: 512M
[2023-12-01T13:10:25.545+0530][gc,init] Pre-touch: Disabled
[2023-12-01T13:10:25.545+0530][gc,init] Parallel Workers: 8
[2023-12-01T13:10:25.545+0530][gc,init] Concurrent Workers: 2
[2023-12-01T13:10:25.545+0530][gc,init] Concurrent Refinement Workers: 8
[2023-12-01T13:10:25.545+0530][gc,init] Periodic GC: Disabled
[2023-12-01T13:10:25.546+0530][gc,metaspace] CDS archive(s) mapped at: [0x0000000800000000-0x0000000800bd0000-0x0000000800bd0000), size 12386304, SharedBaseAddress: 0x0000000800000000, ArchiveRelocationMode: 0.
[2023-12-01T13:10:25.546+0530][gc,metaspace] Compressed class space mapped at: 0x0000000800c00000-0x0000000840c00000, reserved size: 1073741824
[2023-12-01T13:10:25.546+0530][gc,metaspace] Narrow klass base: 0x0000000800000000, Narrow klass shift: 0, Narrow klass range: 0x100000000
[2023-12-01T13:10:48.828+0530][gc,start    ] GC(0) Pause Young (Normal) (G1 Evacuation Pause)
[2023-12-01T13:10:48.828+0530][gc,task     ] GC(0) Using 8 workers of 8 for evacuation
[2023-12-01T13:10:48.843+0530][gc,phases   ] GC(0)   Pre Evacuate Collection Set: 0.2ms
[2023-12-01T13:10:48.843+0530][gc,phases   ] GC(0)   Merge Heap Roots: 0.1ms
[2023-12-01T13:10:48.843+0530][gc,phases   ] GC(0)   Evacuate Collection Set: 13.2ms
[2023-12-01T13:10:48.843+0530][gc,phases   ] GC(0)   Post Evacuate Collection Set: 0.5ms
[2023-12-01T13:10:48.843+0530][gc,phases   ] GC(0)   Other: 2.2ms
[2023-12-01T13:10:48.843+0530][gc,heap     ] GC(0) Eden regions: 25->0(21)
[2023-12-01T13:10:48.843+0530][gc,heap     ] GC(0) Survivor regions: 0->4(4)
[2023-12-01T13:10:48.843+0530][gc,heap     ] GC(0) Old regions: 0->4
[2023-12-01T13:10:48.843+0530][gc,heap     ] GC(0) Archive regions: 2->2
[2023-12-01T13:10:48.843+0530][gc,heap     ] GC(0) Humongous regions: 0->0
[2023-12-01T13:10:48.843+0530][gc,metaspace] GC(0) Metaspace: 7788K(7936K)->7788K(7936K) NonClass: 6904K(6976K)->6904K(6976K) Class: 883K(960K)->883K(960K)
[2023-12-01T13:10:48.843+0530][gc          ] GC(0) Pause Young (Normal) (G1 Evacuation Pause) 25M->8M(512M) 15.184ms
[2023-12-01T13:10:48.843+0530][gc,cpu      ] GC(0) User=0.03s Sys=0.02s Real=0.02s
