[2023-11-30T12:43:03.262+0530][gc] Using G1
[2023-11-30T12:43:03.264+0530][gc,init] Version: 17+35-LTS-2724 (release)
[2023-11-30T12:43:03.264+0530][gc,init] CPUs: 8 total, 8 available
[2023-11-30T12:43:03.264+0530][gc,init] Memory: 8192M
[2023-11-30T12:43:03.264+0530][gc,init] Large Page Support: Disabled
[2023-11-30T12:43:03.264+0530][gc,init] NUMA Support: Disabled
[2023-11-30T12:43:03.264+0530][gc,init] Compressed Oops: Enabled (Zero based)
[2023-11-30T12:43:03.264+0530][gc,init] Heap Region Size: 1M
[2023-11-30T12:43:03.264+0530][gc,init] Heap Min Capacity: 512M
[2023-11-30T12:43:03.264+0530][gc,init] Heap Initial Capacity: 512M
[2023-11-30T12:43:03.264+0530][gc,init] Heap Max Capacity: 512M
[2023-11-30T12:43:03.264+0530][gc,init] Pre-touch: Disabled
[2023-11-30T12:43:03.264+0530][gc,init] Parallel Workers: 8
[2023-11-30T12:43:03.264+0530][gc,init] Concurrent Workers: 2
[2023-11-30T12:43:03.264+0530][gc,init] Concurrent Refinement Workers: 8
[2023-11-30T12:43:03.264+0530][gc,init] Periodic GC: Disabled
[2023-11-30T12:43:03.265+0530][gc,metaspace] CDS archive(s) mapped at: [0x0000000800000000-0x0000000800bd0000-0x0000000800bd0000), size 12386304, SharedBaseAddress: 0x0000000800000000, ArchiveRelocationMode: 0.
[2023-11-30T12:43:03.265+0530][gc,metaspace] Compressed class space mapped at: 0x0000000800c00000-0x0000000840c00000, reserved size: 1073741824
[2023-11-30T12:43:03.265+0530][gc,metaspace] Narrow klass base: 0x0000000800000000, Narrow klass shift: 0, Narrow klass range: 0x100000000
[2023-11-30T12:43:17.372+0530][gc,start    ] GC(0) Pause Young (Normal) (G1 Evacuation Pause)
[2023-11-30T12:43:17.372+0530][gc,task     ] GC(0) Using 8 workers of 8 for evacuation
[2023-11-30T12:43:17.383+0530][gc,phases   ] GC(0)   Pre Evacuate Collection Set: 0.2ms
[2023-11-30T12:43:17.383+0530][gc,phases   ] GC(0)   Merge Heap Roots: 0.1ms
[2023-11-30T12:43:17.383+0530][gc,phases   ] GC(0)   Evacuate Collection Set: 9.1ms
[2023-11-30T12:43:17.383+0530][gc,phases   ] GC(0)   Post Evacuate Collection Set: 0.4ms
[2023-11-30T12:43:17.383+0530][gc,phases   ] GC(0)   Other: 1.2ms
[2023-11-30T12:43:17.383+0530][gc,heap     ] GC(0) Eden regions: 25->0(21)
[2023-11-30T12:43:17.383+0530][gc,heap     ] GC(0) Survivor regions: 0->4(4)
[2023-11-30T12:43:17.383+0530][gc,heap     ] GC(0) Old regions: 0->4
[2023-11-30T12:43:17.383+0530][gc,heap     ] GC(0) Archive regions: 2->2
[2023-11-30T12:43:17.383+0530][gc,heap     ] GC(0) Humongous regions: 0->0
[2023-11-30T12:43:17.383+0530][gc,metaspace] GC(0) Metaspace: 7803K(7936K)->7803K(7936K) NonClass: 6919K(6976K)->6919K(6976K) Class: 884K(960K)->884K(960K)
[2023-11-30T12:43:17.383+0530][gc          ] GC(0) Pause Young (Normal) (G1 Evacuation Pause) 25M->8M(512M) 10.844ms
[2023-11-30T12:43:17.383+0530][gc,cpu      ] GC(0) User=0.01s Sys=0.02s Real=0.01s
[2023-11-30T18:32:57.756+0530][gc,heap,exit] Heap
[2023-11-30T18:32:57.759+0530][gc,heap,exit]  garbage-first heap   total 524288K, used 29843K [0x00000007e0000000, 0x0000000800000000)
[2023-11-30T18:32:57.759+0530][gc,heap,exit]   region size 1024K, 25 young (25600K), 4 survivors (4096K)
[2023-11-30T18:32:57.759+0530][gc,heap,exit]  Metaspace       used 8455K, committed 8640K, reserved 1064960K
[2023-11-30T18:32:57.759+0530][gc,heap,exit]   class space    used 908K, committed 1024K, reserved 1048576K
